✔ creator challenge clearly binds the requested wallet and Telligence session (11.427125ms)
✔ creator authentication rejects replay across origin, wallet, chain and expiry (5.618916ms)
✔ creator auth verifies contract wallets against Base, failing closed on RPC failures (0.42325ms)
✔ signer encryption uses randomized authenticated ciphertext bound to one project (0.974ms)
✔ tampered ciphertext, unsupported formats and unsafe encryption keys fail closed (0.144458ms)
✔ service credentials require an exact bearer secret and safe configured entropy (1.924916ms)
✔ private signer authenticates before reading a binding or returning signatures (48.91375ms)
✔ private signer rejects generic signing, oversized input, extra fields and unknown projects (31.55475ms)
✔ preparing a dedicated signer returns only its public address and opaque preparation ID (9.186041ms)
✔ private client rejects public URLs, redirects and unexpected upstream responses (1.5055ms)
✔ Venice envelope authenticates the vault and generation using the onchain EIP712 policy (19.172084ms)
✔ signing permits only inference resources and the vault own balance endpoint (0.332042ms)
✔ signer rejects arbitrary messages, permissions and line injection before decrypting (0.377583ms)
✔ disabled, wrong-chain and mismatched encrypted signer bindings fail closed (0.343584ms)
✔ pending provider activation permits balance inspection while inference remains unavailable (1.072083ms)
✔ the shared Solidity vector is produced byte-for-byte by the deployed signer implementation (13.1275ms)
✔ decimal amounts floor without float multiplication or rounding credits up (1.183625ms)
✔ uses only authenticated free balance route, never inference or payment, and DIEM allowance (26.995292ms)
✔ USD fallback, absent DIEM, identity substitution and contradictory allowance fail closed (2.139667ms)
✔ stale onchain evidence and refresh crossing UTC epoch never enable credit (0.327084ms)
✔ HTTP errors redact provider body and do not retry (0.592292ms)
✔ provider envelope must report success and identify this wallet (1.044042ms)
✔ manifest rejects unsupported networks, substituted token addresses and unpinned staking upgrades (0.854125ms)
✔ changed staking implementation fails before signing even when proxy code stays constant (0.5085ms)
✔ invalid deadline is rejected before any simulation or signing (0.255375ms)
✔ final allocation evidence requires the bound vault, exact amount and verified historical state (1.548792ms)
✔ pending production is distributed through the stock controller before cashing out (0.839584ms)
✔ immature cooldown never initiates another cooldown or buys new capacity (0.141917ms)
✔ stored transaction must recover its signer and match the exact typed Base operation (32.756208ms)
✔ builds runtime-compatible pins from exactly one safe Base block and matches immutable-masked artifacts (3.174917ms)
✔ rejects an RPC on another chain before any state reads (0.643ms)
✔ requires an identified safe block and refuses latest fallback (0.247125ms)
✔ detects a reorg while pinning instead of mixing two block states (12.785208ms)
✔ rejects a factory pointing at a different explicitly reviewed Revnet deployer (0.757625ms)
✔ rejects substituted VVV staking and DIEM identities (1.963ms)
✔ checks staking assets and all token decimal contexts (1.676709ms)
✔ rejects missing bytecode for every pinned component (1.933708ms)
✔ rejects an unexpected implementation even when staking proxy bytecode is unchanged (0.345958ms)
✔ rejects unrelated deployed factory and adapter bytecode (0.529291ms)
✔ rejects bad artifact targets links and unsafe immutable ranges (2.342125ms)
✔ requires reviewed policy bounds and emits no unknown fields from its JSON input (1.237583ms)
✔ requires explicit addresses policy and output and rejects duplicate unknown or signing flags (0.211458ms)
✔ writes the reviewed manifest exclusively and never overwrites an existing release (24.954ms)
✔ manifest records only a supported observed factory version and runtime checks enforce it (1.241209ms)
✔ PostgreSQL persists leases, fenced intents, nonce serialization, operation deduplication and reorg isolation (268.840875ms)
✔ receipt audit reconciles all stored hashes at a height even when the first row matches (3.378459ms)
✔ disabled keeper claims no work and signs nothing (0.756666ms)
✔ strict operations reject arbitrary selectors, destinations and malformed quantities (1.562625ms)
✔ persists signed intent before broadcasting (0.771ms)
✔ ambiguous RPC submission is recovered with exactly the same transaction after restart (0.463459ms)
✔ expired fencing token cannot persist or broadcast a signed transaction (0.302ms)
✔ consumed nonce without a receipt is quarantined instead of using a fresh nonce (0.357084ms)
✔ finalization requires a canonical receipt, confirmation depth and verified effect (0.718916ms)
✔ successful receipt without expected contract effects is quarantined (0.525208ms)
✔ reverted transaction is terminal, never retried with another nonce (0.169875ms)
✔ orphaned receipt invalidates capacity and never reports success (0.176333ms)
✔ untrusted deployment never signs or broadcasts (0.1075ms)
✔ corrupted persisted transaction bytes are rejected before broadcast (0.1245ms)
✔ expired preflight with no signed intent ends safely and permits a fresh plan (0.331ms)
✔ creator can sync a confirmed signer generation after disable/enable without resetting budget (37.3075ms)
✔ rotation requires original creator preparation and already confirmed onchain signer, preserves old preparation recovery (21.99425ms)
✔ rotation cannot consume someone else preparation or downgrade a generation (6.669333ms)
✔ canary CLI requires explicit execution and rejects unknown options or missing bindings (60.316417ms)
✔ one capped production-transport canary activates only after settled DIEM debit; replay never pays again (82.730125ms)
✔ ambiguous paid response is durable uncertainty and cannot be retried or activate ordinary access (18.995417ms)
✔ missing provider debit cannot activate, and cap or quota failure never makes a paid request (18.507417ms)
✔ concurrent canary invocations issue at most one paid request (15.851583ms)
✔ stale or mismatched chain identity cannot sign a canary; post-request rotation cannot activate (32.046791ms)
✔ uncertain canaries retain only a safe failure phase and never a request or credential (9.152041ms)
✔ the canary reads the production model policy once before any paid operation (0.886708ms)
✔ refresh verifies DIEM prices but preserves reviewed conservative reservation ceilings (19.89075ms)
✔ outages preserve only unexpired observations and never extend their lifetime (1.097458ms)
✔ price increases, removed models, reasoning capabilities, and smaller provider bounds fail closed (2.476833ms)
✔ unreviewed models are never added and malformed decimal prices are never rounded down (0.476542ms)
✔ duplicate model identities invalidate the response immediately (1.567125ms)
✔ response length is bounded and pending fetches share one refresh (0.623833ms)
✔ invalid operator policies cannot enable automatic refresh (0.294167ms)
✔ creator sign-in verifies wallet signature, consumes challenge exactly once and enforces CSRF + project ownership (126.117167ms)
✔ hostile origin, malformed bodies and absent deployment never return fake ready (14.373625ms)
✔ a confirmed launch recovers expired preparation and a lost registration response is idempotent (31.76975ms)
✔ a rejected refreshed catalog cannot fall back to a previously configured price list (3.404ms)
✔ reserves once, sends only fixed upstream authorization and settles exact nonstream usage (27.291459ms)
✔ expired price catalog and unbounded requests are rejected before money is reserved (0.313125ms)
✔ missing bearer credentials never reserve or forward (0.146209ms)
✔ authentication failure releases a preflight reservation without echoing credentials (0.2275ms)
✔ all upstream errors and redirects are ambiguous and never retried or echoed (6.057417ms)
✔ a transit failure consumes one conservative reservation (0.484042ms)
✔ nonstream malformed, missing, overbound usage and oversized response retain capacity (2.13725ms)
✔ streaming injects usage request, preserves UTF-8 and CRLF boundaries, and handles backpressure (368.6375ms)
✔ stream settlement requires the final usage event and DONE marker (1.098417ms)
✔ stream total bytes and a single unbounded event are capped before being forwarded (4.634ms)
✔ deadline aborts paid upstream exactly once and retains the reservation (10.051583ms)
✔ deadline during signer preflight releases the reservation (10.681542ms)
✔ client disconnect while reading a paid stream cancels upstream and retains capacity (0.754959ms)
✔ settlement database failure does not release or mutate a reservation a second time (0.259708ms)
✔ streaming upstream rejection leaves an unwritten response available for a generic API error (0.205166ms)
✔ an uncooperative upstream cancellation cannot hold a timed out reservation open (5.712625ms)
✔ provider completion identity persists before invalid usage leaves an uncertain debit (0.826291ms)
✔ interrupted streams preserve their first provider identity but reject conflicting identities (0.974541ms)
✔ paid ambiguity is nonretryable HTTP409 and carries its reserved request identity (0.399875ms)
✔ monetary conversions never pass through floating point (1.231083ms)
✔ bounded explicit model and output with no remote tools or paid fallback (0.260791ms)
✔ reservation treats every UTF-8 input byte as a possible token plus protocol framing (0.11075ms)
✔ strict origins reject suffix and null origin confusion (0.050833ms)
✔ random bearer hashes bind key ID, reject malformed keys, never store the secret (0.666917ms)
✔ provider defaults cannot inject unpriced hidden system prompts or search (0.34125ms)
✔ Postgres concurrent requests cannot overspend project or key (152.80075ms)
✔ uncertain usage survives restart and UTC epoch change; key rotation cannot reset project quota (32.4215ms)
✔ provider refresh cannot erase in-flight debits and duplicate idempotency is rejected (12.367667ms)
✔ stale, unverified, suspended and revoked identities fail closed (14.329125ms)
✔ only an explicit single project canary run can bypass the unverified marker, once and within one cent (14.91575ms)
✔ request status exposes only durable metadata to a key from the same project (8.060542ms)
✔ reconciliation CLI offers inspection or explicit maximum retention, never refunds or retries (60.698458ms)
✔ positive DIEM proof retains the original maximum and a current-epoch maximum exactly once (46.991625ms)
✔ inspection and missing provider identities cannot manufacture release evidence (21.600416ms)
✔ USD, missing, mismatched and incomplete provider records leave the full reservation outstanding (32.876125ms)
✔ provider charge above the admitted maximum suspends the project without clearing uncertainty (5.201708ms)
✔ provider request identities are immutable and cannot be reused by another project reservation (11.391042ms)
✔ bounded cursor pagination is complete before proof is accepted and concurrent retention is idempotent (7.388167ms)
✔ sub-microdollar numeric DIEM charges round conservatively without losing positive proof (5.144917ms)
✔ missing admin credentials and repeated cursor pages never clear a reservation (4.511292ms)
✔ rejected provider responses are canceled without exposing provider bodies or changing capacity (6.423917ms)
✔ config returns observed factory policy version and fee only after pinned Base verification (2.639792ms)
✔ registration verifies actual policy version at the same block as runtime, identity and policy hash (0.811125ms)
✔ unconfigured or unsupported policy versions never advertise readiness or register a project (0.654209ms)
✔ a manifest policy version cannot contradict the pinned factory getter (0.118791ms)
✔ a changed or unidentified verification block fails closed before returning config or registration (0.216ms)
✔ launch economics never silently default invalid or unbounded policy values (0.142833ms)
✔ registration accepts omitted target as metadata without setting a spending cap (76.001708ms)
✔ registration accepts explicitly null target as metadata without setting a spending cap (9.839792ms)
✔ registration accepts a positive decimal target as metadata without setting a spending cap (10.753542ms)
✔ malformed, zero and noncanonical targets are rejected without claiming a preparation (30.203167ms)
✔ a target does not cap inference; keys still share verified remaining capacity and reservations (15.387083ms)
✔ an unset project cap retains key limits, provider daily limit and readiness gates (12.699ms)
✔ migration preserves legacy target and enforced cap while allowing independently absent metadata (41.969084ms)
✔ existing explicit project caps still constrain key creation and combined usage (13.1355ms)
✔ an already migrated schema can restart while project reservations hold their normal write lock (4.837791ms)
ℹ tests 137
ℹ suites 0
ℹ pass 137
ℹ fail 0
ℹ cancelled 0
ℹ skipped 0
ℹ todo 0
ℹ duration_ms 1025.832917
