npm notice run @telligence/web@0.0.1 npx
npm notice run 'playwright' test --workers=4 --retries=0
[WebServer] npm notice run @telligence/web@0.0.1 browser:fixture
[WebServer] npm notice run node scripts/browser-fixture-server.mjs
[WebServer] (node:4626) Warning: The 'NO_COLOR' env is ignored due to the 'FORCE_COLOR' env being set.
[WebServer] (Use `node --trace-warnings ...` to show where the warning was created)
[WebServer] npm notice run @telligence/web@0.0.1 standalone:stage
[WebServer] npm notice run node scripts/stage-standalone.mjs
[WebServer] npm notice run @telligence/web@0.0.1 start:standalone
[WebServer] npm notice run npm run env:check:runtime && node .next/standalone/server.js
[WebServer] npm notice run @telligence/web@0.0.1 env:check:runtime
[WebServer] npm notice run node --env-file-if-exists=.env.local scripts/validate-env.mjs runtime
[WebServer] .env.local not found. Continuing without it.
[WebServer] (node:4752) Warning: The 'NO_COLOR' env is ignored due to the 'FORCE_COLOR' env being set.
[WebServer] (Use `node --trace-warnings ...` to show where the warning was created)

Running 130 tests using 4 workers

(node:4869) Warning: The 'NO_COLOR' env is ignored due to the 'FORCE_COLOR' env being set.
(Use `node --trace-warnings ...` to show where the warning was created)
(node:4867) Warning: The 'NO_COLOR' env is ignored due to the 'FORCE_COLOR' env being set.
(Use `node --trace-warnings ...` to show where the warning was created)
(node:4866) Warning: The 'NO_COLOR' env is ignored due to the 'FORCE_COLOR' env being set.
(Use `node --trace-warnings ...` to show where the warning was created)
(node:4868) Warning: The 'NO_COLOR' env is ignored due to the 'FORCE_COLOR' env being set.
(Use `node --trace-warnings ...` to show where the warning was created)
  ✓    4 [desktop-1280] › test/e2e/create-shape.spec.ts:44:5 › standalone health endpoint exposes immutable build identity (39ms)
  ✓    3 [desktop-1280] › test/e2e/create-shape.spec.ts:51:5 › navigation preserves the viewed identity and purpose journey at every width (1.0s)
  ✓    1 [desktop-1280] › test/e2e/create-shape.spec.ts:71:5 › compute launch leads with purpose and keeps network policy fixed (1.1s)
  ✓    2 [desktop-1280] › test/e2e/create-shape.spec.ts:102:5 › empty purpose and malformed daily target cannot reach wallet review (1.1s)
  ✓    5 [desktop-1280] › test/e2e/create-shape.spec.ts:123:5 › review binds the written purpose and resets acknowledgement when editing (1.8s)
  ✓    6 [desktop-1280] › test/e2e/create-shape.spec.ts:156:5 › create remains keyboard usable with visible focus and accessible controls (1.1s)
  ✓   10 [desktop-1280] › test/e2e/guides.spec.ts:191:11 › guides › without JavaScript › /learn delivers its content, native contents, and deep links (445ms)
  ✓    8 [desktop-1280] › test/e2e/guides.spec.ts:173:9 › guides › /learn supports keyboard navigation, readable layout, and WCAG accessibility (1.5s)
  ✓   11 [desktop-1280] › test/e2e/guides.spec.ts:191:11 › guides › without JavaScript › /build delivers its content, native contents, and deep links (781ms)
  ✓    9 [desktop-1280] › test/e2e/guides.spec.ts:173:9 › guides › /build supports keyboard navigation, readable layout, and WCAG accessibility (2.3s)
  ✓   14 [desktop-1280] › test/e2e/ipfs.spec.ts:6:5 › pins metadata through Center with Chromium's native fetch (346ms)
  ✓   12 [desktop-1280] › test/e2e/guides.spec.ts:216:9 › guides › build prompt handles successful clipboard copying (2.0s)
  ✓   13 [desktop-1280] › test/e2e/guides.spec.ts:216:9 › guides › build prompt handles blocked clipboard with a manual fallback (1.9s)
  ✓   16 [desktop-1280] › test/e2e/project-shape.spec.ts:57:5 › fixture project renders its contract-hydrated production shape (846ms)
  ✓   17 [desktop-1280] › test/e2e/project-shape.spec.ts:157:5 › fixture project remains keyboard-usable and accessible (1.0s)
  ✓   18 [desktop-1280] › test/e2e/project-shape.spec.ts:174:5 › project terms stay contract-backed, contained, and accessible (1.2s)
  ✓   20 [desktop-1280] › test/e2e/project-shape.spec.ts:373:5 › verified handle routes decode exactly once (2.1s)
  ✓   15 [desktop-1280] › test/e2e/project-shape.spec.ts:47:5 › non-Base project routes are unavailable (5.7s)
  ✘    7 [desktop-1280] › test/e2e/dialog-overlay-shape.spec.ts:34:5 › an open dialog inerts the page, stacks, and restores it on close (9.1s)
  ✓   21 [desktop-1280] › test/e2e/project-shape.spec.ts:505:5 › home and discover shells stay contained and deterministic (1.7s)
(node:4985) Warning: The 'NO_COLOR' env is ignored due to the 'FORCE_COLOR' env being set.
(Use `node --trace-warnings ...` to show where the warning was created)
  ✓   24 [desktop-1280] › test/e2e/telligence.spec.ts:108:5 › outage is actionable and never rendered as an empty fundraiser (444ms)
  ✓   22 [desktop-1280] › test/e2e/telligence.spec.ts:72:5 › home invites a problem and discover renders actual projects with a responsive directory (1.4s)
  ✓   23 [desktop-1280] › test/e2e/telligence.spec.ts:130:5 › project distinguishes daily credit, remaining credit and ambition before funding (974ms)
(node:5003) Warning: The 'NO_COLOR' env is ignored due to the 'FORCE_COLOR' env being set.
(Use `node --trace-warnings ...` to show where the warning was created)
  ✓   27 [wide-1100] › test/e2e/create-shape.spec.ts:44:5 › standalone health endpoint exposes immutable build identity (35ms)
  ✓   25 [desktop-1280] › test/e2e/telligence.spec.ts:156:5 › key management requires creator authentication and contains its disconnected state (673ms)
  ✓   26 [desktop-1280] › test/e2e/telligence.spec.ts:173:5 › mechanics explain supporter rights and provider limitations accessibly (718ms)
  ✓   28 [wide-1100] › test/e2e/create-shape.spec.ts:51:5 › navigation preserves the viewed identity and purpose journey at every width (356ms)
(node:5014) Warning: The 'NO_COLOR' env is ignored due to the 'FORCE_COLOR' env being set.
(Use `node --trace-warnings ...` to show where the warning was created)
(node:5015) Warning: The 'NO_COLOR' env is ignored due to the 'FORCE_COLOR' env being set.
(Use `node --trace-warnings ...` to show where the warning was created)
  ✓   30 [wide-1100] › test/e2e/create-shape.spec.ts:71:5 › compute launch leads with purpose and keeps network policy fixed (570ms)
  ✓   31 [wide-1100] › test/e2e/create-shape.spec.ts:102:5 › empty purpose and malformed daily target cannot reach wallet review (589ms)
  ✓   29 [wide-1100] › test/e2e/create-shape.spec.ts:123:5 › review binds the written purpose and resets acknowledgement when editing (1.1s)
  ✓   32 [wide-1100] › test/e2e/create-shape.spec.ts:156:5 › create remains keyboard usable with visible focus and accessible controls (869ms)
  ✓   34 [wide-1100] › test/e2e/guides.spec.ts:173:9 › guides › /learn supports keyboard navigation, readable layout, and WCAG accessibility (1.4s)
  ✓   19 [desktop-1280] › test/e2e/project-shape.spec.ts:222:5 › secondary project surfaces stay hydrated, contained, and accessible (8.9s)
  ✓   36 [wide-1100] › test/e2e/guides.spec.ts:191:11 › guides › without JavaScript › /learn delivers its content, native contents, and deep links (419ms)
(node:5118) Warning: The 'NO_COLOR' env is ignored due to the 'FORCE_COLOR' env being set.
(Use `node --trace-warnings ...` to show where the warning was created)
  ✓   38 [wide-1100] › test/e2e/guides.spec.ts:191:11 › guides › without JavaScript › /build delivers its content, native contents, and deep links (773ms)
  ✓   35 [wide-1100] › test/e2e/guides.spec.ts:173:9 › guides › /build supports keyboard navigation, readable layout, and WCAG accessibility (2.4s)
  ✓   40 [wide-1100] › test/e2e/ipfs.spec.ts:6:5 › pins metadata through Center with Chromium's native fetch (419ms)
  ✓   37 [wide-1100] › test/e2e/guides.spec.ts:216:9 › guides › build prompt handles successful clipboard copying (2.1s)
  ✓   42 [wide-1100] › test/e2e/project-shape.spec.ts:57:5 › fixture project renders its contract-hydrated production shape (774ms)
  ✓   39 [wide-1100] › test/e2e/guides.spec.ts:216:9 › guides › build prompt handles blocked clipboard with a manual fallback (1.9s)
  ✓   43 [wide-1100] › test/e2e/project-shape.spec.ts:157:5 › fixture project remains keyboard-usable and accessible (1.1s)
  ✓   44 [wide-1100] › test/e2e/project-shape.spec.ts:174:5 › project terms stay contract-backed, contained, and accessible (1.3s)
  ✓   46 [wide-1100] › test/e2e/project-shape.spec.ts:373:5 › verified handle routes decode exactly once (2.1s)
  ✘   33 [wide-1100] › test/e2e/dialog-overlay-shape.spec.ts:34:5 › an open dialog inerts the page, stacks, and restores it on close (8.8s)
[WebServer] ⨯ Error: The destination stream closed early.
[WebServer]     at ignore-listed frames {
[WebServer]   digest: '3734702828'
[WebServer] }
  ✓   41 [wide-1100] › test/e2e/project-shape.spec.ts:47:5 › non-Base project routes are unavailable (5.5s)
(node:5159) Warning: The 'NO_COLOR' env is ignored due to the 'FORCE_COLOR' env being set.
(Use `node --trace-warnings ...` to show where the warning was created)
  ✓   48 [wide-1100] › test/e2e/telligence.spec.ts:108:5 › outage is actionable and never rendered as an empty fundraiser (613ms)
  ✓   47 [wide-1100] › test/e2e/project-shape.spec.ts:505:5 › home and discover shells stay contained and deterministic (1.7s)
  ✓   50 [wide-1100] › test/e2e/telligence.spec.ts:130:5 › project distinguishes daily credit, remaining credit and ambition before funding (1.1s)
  ✓   51 [wide-1100] › test/e2e/telligence.spec.ts:156:5 › key management requires creator authentication and contains its disconnected state (945ms)
  ✓   49 [wide-1100] › test/e2e/telligence.spec.ts:72:5 › home invites a problem and discover renders actual projects with a responsive directory (1.8s)
(node:5194) Warning: The 'NO_COLOR' env is ignored due to the 'FORCE_COLOR' env being set.
(Use `node --trace-warnings ...` to show where the warning was created)
  ✓   53 [tablet-768] › test/e2e/create-shape.spec.ts:44:5 › standalone health endpoint exposes immutable build identity (27ms)
  ✓   52 [wide-1100] › test/e2e/telligence.spec.ts:173:5 › mechanics explain supporter rights and provider limitations accessibly (782ms)
(node:5197) Warning: The 'NO_COLOR' env is ignored due to the 'FORCE_COLOR' env being set.
(Use `node --trace-warnings ...` to show where the warning was created)
  ✓   45 [wide-1100] › test/e2e/project-shape.spec.ts:222:5 › secondary project surfaces stay hydrated, contained, and accessible (5.9s)
(node:5200) Warning: The 'NO_COLOR' env is ignored due to the 'FORCE_COLOR' env being set.
(Use `node --trace-warnings ...` to show where the warning was created)
  ✓   54 [tablet-768] › test/e2e/create-shape.spec.ts:71:5 › compute launch leads with purpose and keeps network policy fixed (557ms)
  ✓   55 [tablet-768] › test/e2e/create-shape.spec.ts:51:5 › navigation preserves the viewed identity and purpose journey at every width (539ms)
(node:5210) Warning: The 'NO_COLOR' env is ignored due to the 'FORCE_COLOR' env being set.
(Use `node --trace-warnings ...` to show where the warning was created)
  ✓   56 [tablet-768] › test/e2e/create-shape.spec.ts:102:5 › empty purpose and malformed daily target cannot reach wallet review (645ms)
  ✓   57 [tablet-768] › test/e2e/create-shape.spec.ts:156:5 › create remains keyboard usable with visible focus and accessible controls (961ms)
  ✓   59 [tablet-768] › test/e2e/create-shape.spec.ts:123:5 › review binds the written purpose and resets acknowledgement when editing (1.1s)
  ✓   60 [tablet-768] › test/e2e/guides.spec.ts:173:9 › guides › /learn supports keyboard navigation, readable layout, and WCAG accessibility (1.4s)
  ✓   62 [tablet-768] › test/e2e/guides.spec.ts:191:11 › guides › without JavaScript › /learn delivers its content, native contents, and deep links (551ms)
  ✓   63 [tablet-768] › test/e2e/guides.spec.ts:191:11 › guides › without JavaScript › /build delivers its content, native contents, and deep links (816ms)
  ✓   61 [tablet-768] › test/e2e/guides.spec.ts:173:9 › guides › /build supports keyboard navigation, readable layout, and WCAG accessibility (2.4s)
  ✓   66 [tablet-768] › test/e2e/ipfs.spec.ts:6:5 › pins metadata through Center with Chromium's native fetch (350ms)
  ✓   64 [tablet-768] › test/e2e/guides.spec.ts:216:9 › guides › build prompt handles successful clipboard copying (2.2s)
  ✓   65 [tablet-768] › test/e2e/guides.spec.ts:216:9 › guides › build prompt handles blocked clipboard with a manual fallback (2.0s)
  ✓   68 [tablet-768] › test/e2e/project-shape.spec.ts:57:5 › fixture project renders its contract-hydrated production shape (847ms)
  ✓   69 [tablet-768] › test/e2e/project-shape.spec.ts:157:5 › fixture project remains keyboard-usable and accessible (999ms)
  ✓   70 [tablet-768] › test/e2e/project-shape.spec.ts:174:5 › project terms stay contract-backed, contained, and accessible (1.2s)
[WebServer] ⨯ Error: The destination stream closed early.
[WebServer]     at ignore-listed frames {
[WebServer]   digest: '3734702828'
[WebServer] }
  ✓   72 [tablet-768] › test/e2e/project-shape.spec.ts:373:5 › verified handle routes decode exactly once (2.3s)
  ✘   58 [tablet-768] › test/e2e/dialog-overlay-shape.spec.ts:34:5 › an open dialog inerts the page, stacks, and restores it on close (9.1s)
  ✓   67 [tablet-768] › test/e2e/project-shape.spec.ts:47:5 › non-Base project routes are unavailable (5.5s)
(node:5282) Warning: The 'NO_COLOR' env is ignored due to the 'FORCE_COLOR' env being set.
(Use `node --trace-warnings ...` to show where the warning was created)
  ✓   74 [tablet-768] › test/e2e/telligence.spec.ts:108:5 › outage is actionable and never rendered as an empty fundraiser (477ms)
  ✓   73 [tablet-768] › test/e2e/project-shape.spec.ts:505:5 › home and discover shells stay contained and deterministic (1.2s)
  ✓   77 [tablet-768] › test/e2e/telligence.spec.ts:156:5 › key management requires creator authentication and contains its disconnected state (986ms)
  ✓   76 [tablet-768] › test/e2e/telligence.spec.ts:130:5 › project distinguishes daily credit, remaining credit and ambition before funding (1.1s)
  ✓   71 [tablet-768] › test/e2e/project-shape.spec.ts:222:5 › secondary project surfaces stay hydrated, contained, and accessible (5.3s)
(node:5306) Warning: The 'NO_COLOR' env is ignored due to the 'FORCE_COLOR' env being set.
(Use `node --trace-warnings ...` to show where the warning was created)
  ✓   79 [mobile-390] › test/e2e/create-shape.spec.ts:44:5 › standalone health endpoint exposes immutable build identity (41ms)
(node:5307) Warning: The 'NO_COLOR' env is ignored due to the 'FORCE_COLOR' env being set.
(Use `node --trace-warnings ...` to show where the warning was created)
  ✓   78 [tablet-768] › test/e2e/telligence.spec.ts:173:5 › mechanics explain supporter rights and provider limitations accessibly (680ms)
  ✓   75 [tablet-768] › test/e2e/telligence.spec.ts:72:5 › home invites a problem and discover renders actual projects with a responsive directory (1.7s)
(node:5321) Warning: The 'NO_COLOR' env is ignored due to the 'FORCE_COLOR' env being set.
(Use `node --trace-warnings ...` to show where the warning was created)
  ✓   80 [mobile-390] › test/e2e/create-shape.spec.ts:71:5 › compute launch leads with purpose and keeps network policy fixed (515ms)
(node:5324) Warning: The 'NO_COLOR' env is ignored due to the 'FORCE_COLOR' env being set.
(Use `node --trace-warnings ...` to show where the warning was created)
  ✓   81 [mobile-390] › test/e2e/create-shape.spec.ts:51:5 › navigation preserves the viewed identity and purpose journey at every width (461ms)
  ✓   82 [mobile-390] › test/e2e/create-shape.spec.ts:156:5 › create remains keyboard usable with visible focus and accessible controls (837ms)
  ✓   84 [mobile-390] › test/e2e/create-shape.spec.ts:102:5 › empty purpose and malformed daily target cannot reach wallet review (642ms)
  ✓   83 [mobile-390] › test/e2e/create-shape.spec.ts:123:5 › review binds the written purpose and resets acknowledgement when editing (1.3s)
  ✓   88 [mobile-390] › test/e2e/guides.spec.ts:191:11 › guides › without JavaScript › /learn delivers its content, native contents, and deep links (456ms)
  ✓   86 [mobile-390] › test/e2e/guides.spec.ts:173:9 › guides › /learn supports keyboard navigation, readable layout, and WCAG accessibility (1.3s)
  ✓   89 [mobile-390] › test/e2e/guides.spec.ts:191:11 › guides › without JavaScript › /build delivers its content, native contents, and deep links (759ms)
  ✓   87 [mobile-390] › test/e2e/guides.spec.ts:173:9 › guides › /build supports keyboard navigation, readable layout, and WCAG accessibility (2.4s)
  ✓   92 [mobile-390] › test/e2e/ipfs.spec.ts:6:5 › pins metadata through Center with Chromium's native fetch (364ms)
  ✓   90 [mobile-390] › test/e2e/guides.spec.ts:216:9 › guides › build prompt handles successful clipboard copying (2.2s)
  ✓   91 [mobile-390] › test/e2e/guides.spec.ts:216:9 › guides › build prompt handles blocked clipboard with a manual fallback (2.1s)
  ✓   94 [mobile-390] › test/e2e/project-shape.spec.ts:57:5 › fixture project renders its contract-hydrated production shape (805ms)
  ✓   95 [mobile-390] › test/e2e/project-shape.spec.ts:157:5 › fixture project remains keyboard-usable and accessible (937ms)
  ✓   96 [mobile-390] › test/e2e/project-shape.spec.ts:174:5 › project terms stay contract-backed, contained, and accessible (1.2s)
  ✓   98 [mobile-390] › test/e2e/project-shape.spec.ts:373:5 › verified handle routes decode exactly once (2.3s)
  ✘   85 [mobile-390] › test/e2e/dialog-overlay-shape.spec.ts:34:5 › an open dialog inerts the page, stacks, and restores it on close (8.7s)
  ✓   93 [mobile-390] › test/e2e/project-shape.spec.ts:47:5 › non-Base project routes are unavailable (5.4s)
(node:5394) Warning: The 'NO_COLOR' env is ignored due to the 'FORCE_COLOR' env being set.
(Use `node --trace-warnings ...` to show where the warning was created)
  ✓  100 [mobile-390] › test/e2e/telligence.spec.ts:108:5 › outage is actionable and never rendered as an empty fundraiser (375ms)
  ✓   99 [mobile-390] › test/e2e/project-shape.spec.ts:505:5 › home and discover shells stay contained and deterministic (1.1s)
  ✓  102 [mobile-390] › test/e2e/telligence.spec.ts:130:5 › project distinguishes daily credit, remaining credit and ambition before funding (854ms)
  ✓  103 [mobile-390] › test/e2e/telligence.spec.ts:156:5 › key management requires creator authentication and contains its disconnected state (653ms)
  ✓  101 [mobile-390] › test/e2e/telligence.spec.ts:72:5 › home invites a problem and discover renders actual projects with a responsive directory (1.2s)
(node:5420) Warning: The 'NO_COLOR' env is ignored due to the 'FORCE_COLOR' env being set.
(Use `node --trace-warnings ...` to show where the warning was created)
  ✓  105 [narrow-320] › test/e2e/create-shape.spec.ts:44:5 › standalone health endpoint exposes immutable build identity (33ms)
  ✓  104 [mobile-390] › test/e2e/telligence.spec.ts:173:5 › mechanics explain supporter rights and provider limitations accessibly (537ms)
(node:5423) Warning: The 'NO_COLOR' env is ignored due to the 'FORCE_COLOR' env being set.
(Use `node --trace-warnings ...` to show where the warning was created)
(node:5430) Warning: The 'NO_COLOR' env is ignored due to the 'FORCE_COLOR' env being set.
(Use `node --trace-warnings ...` to show where the warning was created)
  ✓  106 [narrow-320] › test/e2e/create-shape.spec.ts:71:5 › compute launch leads with purpose and keeps network policy fixed (419ms)
  ✓  107 [narrow-320] › test/e2e/create-shape.spec.ts:51:5 › navigation preserves the viewed identity and purpose journey at every width (331ms)
  ✓  108 [narrow-320] › test/e2e/create-shape.spec.ts:102:5 › empty purpose and malformed daily target cannot reach wallet review (530ms)
  ✓  110 [narrow-320] › test/e2e/create-shape.spec.ts:156:5 › create remains keyboard usable with visible focus and accessible controls (942ms)
  ✓  109 [narrow-320] › test/e2e/create-shape.spec.ts:123:5 › review binds the written purpose and resets acknowledgement when editing (1.0s)
  ✓  112 [narrow-320] › test/e2e/guides.spec.ts:173:9 › guides › /learn supports keyboard navigation, readable layout, and WCAG accessibility (1.2s)
  ✓  114 [narrow-320] › test/e2e/guides.spec.ts:191:11 › guides › without JavaScript › /learn delivers its content, native contents, and deep links (321ms)
  ✓  113 [narrow-320] › test/e2e/guides.spec.ts:173:9 › guides › /build supports keyboard navigation, readable layout, and WCAG accessibility (2.1s)
  ✓  115 [narrow-320] › test/e2e/guides.spec.ts:191:11 › guides › without JavaScript › /build delivers its content, native contents, and deep links (568ms)
  ✓  117 [narrow-320] › test/e2e/guides.spec.ts:216:9 › guides › build prompt handles blocked clipboard with a manual fallback (1.9s)
  ✓   97 [mobile-390] › test/e2e/project-shape.spec.ts:222:5 › secondary project surfaces stay hydrated, contained, and accessible (10.8s)
  ✓  116 [narrow-320] › test/e2e/guides.spec.ts:216:9 › guides › build prompt handles successful clipboard copying (2.1s)
  ✓  118 [narrow-320] › test/e2e/ipfs.spec.ts:6:5 › pins metadata through Center with Chromium's native fetch (358ms)
(node:5482) Warning: The 'NO_COLOR' env is ignored due to the 'FORCE_COLOR' env being set.
(Use `node --trace-warnings ...` to show where the warning was created)
  ✓  119 [narrow-320] › test/e2e/project-shape.spec.ts:57:5 › fixture project renders its contract-hydrated production shape (975ms)
  ✓  120 [narrow-320] › test/e2e/project-shape.spec.ts:157:5 › fixture project remains keyboard-usable and accessible (1.0s)
  ✓  122 [narrow-320] › test/e2e/project-shape.spec.ts:174:5 › project terms stay contract-backed, contained, and accessible (1.3s)
  ✘  111 [narrow-320] › test/e2e/dialog-overlay-shape.spec.ts:34:5 › an open dialog inerts the page, stacks, and restores it on close (8.4s)
(node:5506) Warning: The 'NO_COLOR' env is ignored due to the 'FORCE_COLOR' env being set.
(Use `node --trace-warnings ...` to show where the warning was created)
  ✓  124 [narrow-320] › test/e2e/project-shape.spec.ts:373:5 › verified handle routes decode exactly once (2.0s)
  ✓  125 [narrow-320] › test/e2e/telligence.spec.ts:72:5 › home invites a problem and discover renders actual projects with a responsive directory (1.2s)
  ✓  126 [narrow-320] › test/e2e/project-shape.spec.ts:505:5 › home and discover shells stay contained and deterministic (1.2s)
  ✓  127 [narrow-320] › test/e2e/telligence.spec.ts:108:5 › outage is actionable and never rendered as an empty fundraiser (418ms)
  ✓  121 [narrow-320] › test/e2e/project-shape.spec.ts:47:5 › non-Base project routes are unavailable (5.5s)
  ✓  123 [narrow-320] › test/e2e/project-shape.spec.ts:222:5 › secondary project surfaces stay hydrated, contained, and accessible (5.3s)
  ✓  128 [narrow-320] › test/e2e/telligence.spec.ts:130:5 › project distinguishes daily credit, remaining credit and ambition before funding (959ms)
  ✓  130 [narrow-320] › test/e2e/telligence.spec.ts:173:5 › mechanics explain supporter rights and provider limitations accessibly (678ms)
  ✓  129 [narrow-320] › test/e2e/telligence.spec.ts:156:5 › key management requires creator authentication and contains its disconnected state (712ms)


  1) [desktop-1280] › test/e2e/dialog-overlay-shape.spec.ts:34:5 › an open dialog inerts the page, stacks, and restores it on close

    Error: expect(locator).toBeVisible() failed

    Locator: getByRole('heading', { name: /What would you build with room to think/ })
    Expected: visible
    Timeout: 8000ms
    Error: element(s) not found

    Call log:
      - Expect "toBeVisible" with timeout 8000ms
      - waiting for getByRole('heading', { name: /What would you build with room to think/ })


      41 |   await expect(
      42 |     page.getByRole("heading", { name: /What would you build with room to think/ }),
    > 43 |   ).toBeVisible();
         |     ^
      44 |
      45 |   // A page-level control that must stay reachable whenever no dialog is open.
      46 |   await page.evaluate(() => {
        at <repo>/web/test/e2e/dialog-overlay-shape.spec.ts:43:5

    attachment #1: screenshot (image/png) ──────────────────────────────────────────────────────────
    test-results/dialog-overlay-shape-an-op-27338-ks-and-restores-it-on-close-desktop-1280/test-failed-1.png
    ────────────────────────────────────────────────────────────────────────────────────────────────

    attachment #2: video (video/webm) ──────────────────────────────────────────────────────────────
    test-results/dialog-overlay-shape-an-op-27338-ks-and-restores-it-on-close-desktop-1280/video.webm
    ────────────────────────────────────────────────────────────────────────────────────────────────

    Error Context: test-results/dialog-overlay-shape-an-op-27338-ks-and-restores-it-on-close-desktop-1280/error-context.md

    attachment #4: trace (application/zip) ─────────────────────────────────────────────────────────
    test-results/dialog-overlay-shape-an-op-27338-ks-and-restores-it-on-close-desktop-1280/trace.zip
    Usage:

        npx playwright show-trace test-results/dialog-overlay-shape-an-op-27338-ks-and-restores-it-on-close-desktop-1280/trace.zip

    ────────────────────────────────────────────────────────────────────────────────────────────────

  2) [wide-1100] › test/e2e/dialog-overlay-shape.spec.ts:34:5 › an open dialog inerts the page, stacks, and restores it on close

    Error: expect(locator).toBeVisible() failed

    Locator: getByRole('heading', { name: /What would you build with room to think/ })
    Expected: visible
    Timeout: 8000ms
    Error: element(s) not found

    Call log:
      - Expect "toBeVisible" with timeout 8000ms
      - waiting for getByRole('heading', { name: /What would you build with room to think/ })


      41 |   await expect(
      42 |     page.getByRole("heading", { name: /What would you build with room to think/ }),
    > 43 |   ).toBeVisible();
         |     ^
      44 |
      45 |   // A page-level control that must stay reachable whenever no dialog is open.
      46 |   await page.evaluate(() => {
        at <repo>/web/test/e2e/dialog-overlay-shape.spec.ts:43:5

    attachment #1: screenshot (image/png) ──────────────────────────────────────────────────────────
    test-results/dialog-overlay-shape-an-op-27338-ks-and-restores-it-on-close-wide-1100/test-failed-1.png
    ────────────────────────────────────────────────────────────────────────────────────────────────

    attachment #2: video (video/webm) ──────────────────────────────────────────────────────────────
    test-results/dialog-overlay-shape-an-op-27338-ks-and-restores-it-on-close-wide-1100/video.webm
    ────────────────────────────────────────────────────────────────────────────────────────────────

    Error Context: test-results/dialog-overlay-shape-an-op-27338-ks-and-restores-it-on-close-wide-1100/error-context.md

    attachment #4: trace (application/zip) ─────────────────────────────────────────────────────────
    test-results/dialog-overlay-shape-an-op-27338-ks-and-restores-it-on-close-wide-1100/trace.zip
    Usage:

        npx playwright show-trace test-results/dialog-overlay-shape-an-op-27338-ks-and-restores-it-on-close-wide-1100/trace.zip

    ────────────────────────────────────────────────────────────────────────────────────────────────

  3) [tablet-768] › test/e2e/dialog-overlay-shape.spec.ts:34:5 › an open dialog inerts the page, stacks, and restores it on close

    Error: expect(locator).toBeVisible() failed

    Locator: getByRole('heading', { name: /What would you build with room to think/ })
    Expected: visible
    Timeout: 8000ms
    Error: element(s) not found

    Call log:
      - Expect "toBeVisible" with timeout 8000ms
      - waiting for getByRole('heading', { name: /What would you build with room to think/ })


      41 |   await expect(
      42 |     page.getByRole("heading", { name: /What would you build with room to think/ }),
    > 43 |   ).toBeVisible();
         |     ^
      44 |
      45 |   // A page-level control that must stay reachable whenever no dialog is open.
      46 |   await page.evaluate(() => {
        at <repo>/web/test/e2e/dialog-overlay-shape.spec.ts:43:5

    attachment #1: screenshot (image/png) ──────────────────────────────────────────────────────────
    test-results/dialog-overlay-shape-an-op-27338-ks-and-restores-it-on-close-tablet-768/test-failed-1.png
    ────────────────────────────────────────────────────────────────────────────────────────────────

    attachment #2: video (video/webm) ──────────────────────────────────────────────────────────────
    test-results/dialog-overlay-shape-an-op-27338-ks-and-restores-it-on-close-tablet-768/video.webm
    ────────────────────────────────────────────────────────────────────────────────────────────────

    Error Context: test-results/dialog-overlay-shape-an-op-27338-ks-and-restores-it-on-close-tablet-768/error-context.md

    attachment #4: trace (application/zip) ─────────────────────────────────────────────────────────
    test-results/dialog-overlay-shape-an-op-27338-ks-and-restores-it-on-close-tablet-768/trace.zip
    Usage:

        npx playwright show-trace test-results/dialog-overlay-shape-an-op-27338-ks-and-restores-it-on-close-tablet-768/trace.zip

    ────────────────────────────────────────────────────────────────────────────────────────────────

  4) [mobile-390] › test/e2e/dialog-overlay-shape.spec.ts:34:5 › an open dialog inerts the page, stacks, and restores it on close

    Error: expect(locator).toBeVisible() failed

    Locator: getByRole('heading', { name: /What would you build with room to think/ })
    Expected: visible
    Timeout: 8000ms
    Error: element(s) not found

    Call log:
      - Expect "toBeVisible" with timeout 8000ms
      - waiting for getByRole('heading', { name: /What would you build with room to think/ })


      41 |   await expect(
      42 |     page.getByRole("heading", { name: /What would you build with room to think/ }),
    > 43 |   ).toBeVisible();
         |     ^
      44 |
      45 |   // A page-level control that must stay reachable whenever no dialog is open.
      46 |   await page.evaluate(() => {
        at <repo>/web/test/e2e/dialog-overlay-shape.spec.ts:43:5

    attachment #1: screenshot (image/png) ──────────────────────────────────────────────────────────
    test-results/dialog-overlay-shape-an-op-27338-ks-and-restores-it-on-close-mobile-390/test-failed-1.png
    ────────────────────────────────────────────────────────────────────────────────────────────────

    attachment #2: video (video/webm) ──────────────────────────────────────────────────────────────
    test-results/dialog-overlay-shape-an-op-27338-ks-and-restores-it-on-close-mobile-390/video.webm
    ────────────────────────────────────────────────────────────────────────────────────────────────

    Error Context: test-results/dialog-overlay-shape-an-op-27338-ks-and-restores-it-on-close-mobile-390/error-context.md

    attachment #4: trace (application/zip) ─────────────────────────────────────────────────────────
    test-results/dialog-overlay-shape-an-op-27338-ks-and-restores-it-on-close-mobile-390/trace.zip
    Usage:

        npx playwright show-trace test-results/dialog-overlay-shape-an-op-27338-ks-and-restores-it-on-close-mobile-390/trace.zip

    ────────────────────────────────────────────────────────────────────────────────────────────────

  5) [narrow-320] › test/e2e/dialog-overlay-shape.spec.ts:34:5 › an open dialog inerts the page, stacks, and restores it on close

    Error: expect(locator).toBeVisible() failed

    Locator: getByRole('heading', { name: /What would you build with room to think/ })
    Expected: visible
    Timeout: 8000ms
    Error: element(s) not found

    Call log:
      - Expect "toBeVisible" with timeout 8000ms
      - waiting for getByRole('heading', { name: /What would you build with room to think/ })


      41 |   await expect(
      42 |     page.getByRole("heading", { name: /What would you build with room to think/ }),
    > 43 |   ).toBeVisible();
         |     ^
      44 |
      45 |   // A page-level control that must stay reachable whenever no dialog is open.
      46 |   await page.evaluate(() => {
        at <repo>/web/test/e2e/dialog-overlay-shape.spec.ts:43:5

    attachment #1: screenshot (image/png) ──────────────────────────────────────────────────────────
    test-results/dialog-overlay-shape-an-op-27338-ks-and-restores-it-on-close-narrow-320/test-failed-1.png
    ────────────────────────────────────────────────────────────────────────────────────────────────

    attachment #2: video (video/webm) ──────────────────────────────────────────────────────────────
    test-results/dialog-overlay-shape-an-op-27338-ks-and-restores-it-on-close-narrow-320/video.webm
    ────────────────────────────────────────────────────────────────────────────────────────────────

    Error Context: test-results/dialog-overlay-shape-an-op-27338-ks-and-restores-it-on-close-narrow-320/error-context.md

    attachment #4: trace (application/zip) ─────────────────────────────────────────────────────────
    test-results/dialog-overlay-shape-an-op-27338-ks-and-restores-it-on-close-narrow-320/trace.zip
    Usage:

        npx playwright show-trace test-results/dialog-overlay-shape-an-op-27338-ks-and-restores-it-on-close-narrow-320/trace.zip

    ────────────────────────────────────────────────────────────────────────────────────────────────

  5 failed
    [desktop-1280] › test/e2e/dialog-overlay-shape.spec.ts:34:5 › an open dialog inerts the page, stacks, and restores it on close
    [wide-1100] › test/e2e/dialog-overlay-shape.spec.ts:34:5 › an open dialog inerts the page, stacks, and restores it on close
    [tablet-768] › test/e2e/dialog-overlay-shape.spec.ts:34:5 › an open dialog inerts the page, stacks, and restores it on close
    [mobile-390] › test/e2e/dialog-overlay-shape.spec.ts:34:5 › an open dialog inerts the page, stacks, and restores it on close
    [narrow-320] › test/e2e/dialog-overlay-shape.spec.ts:34:5 › an open dialog inerts the page, stacks, and restores it on close
  125 passed (1.1m)
