npm notice run @telligence/web@0.0.1 test:browser
npm notice run playwright test
[WebServer] npm notice run @telligence/web@0.0.1 browser:fixture
[WebServer] npm notice run node scripts/browser-fixture-server.mjs
[WebServer] (node:71384) Warning: The 'NO_COLOR' env is ignored due to the 'FORCE_COLOR' env being set.
[WebServer] (Use `node --trace-warnings ...` to show where the warning was created)
[WebServer] npm notice run @telligence/web@0.0.1 standalone:stage
[WebServer] npm notice run node scripts/stage-standalone.mjs
[WebServer] npm notice run @telligence/web@0.0.1 start:standalone
[WebServer] npm notice run npm run env:check:runtime && node .next/standalone/server.js
[WebServer] npm notice run @telligence/web@0.0.1 env:check:runtime
[WebServer] npm notice run node --env-file-if-exists=.env.local scripts/validate-env.mjs runtime
[WebServer] .env.local not found. Continuing without it.
[WebServer] (node:71458) Warning: The 'NO_COLOR' env is ignored due to the 'FORCE_COLOR' env being set.
[WebServer] (Use `node --trace-warnings ...` to show where the warning was created)

Running 130 tests using 5 workers

(node:71459) Warning: The 'NO_COLOR' env is ignored due to the 'FORCE_COLOR' env being set.
(Use `node --trace-warnings ...` to show where the warning was created)
(node:71462) Warning: The 'NO_COLOR' env is ignored due to the 'FORCE_COLOR' env being set.
(Use `node --trace-warnings ...` to show where the warning was created)
(node:71461) Warning: The 'NO_COLOR' env is ignored due to the 'FORCE_COLOR' env being set.
(Use `node --trace-warnings ...` to show where the warning was created)
(node:71463) Warning: The 'NO_COLOR' env is ignored due to the 'FORCE_COLOR' env being set.
(Use `node --trace-warnings ...` to show where the warning was created)
(node:71460) Warning: The 'NO_COLOR' env is ignored due to the 'FORCE_COLOR' env being set.
(Use `node --trace-warnings ...` to show where the warning was created)
  ✓    2 [desktop-1280] › test/e2e/create-shape.spec.ts:43:5 › standalone health endpoint exposes immutable build identity (56ms)
  ✓    4 [desktop-1280] › test/e2e/create-shape.spec.ts:50:5 › navigation preserves the viewed identity and purpose journey at every width (1.4s)
  ✓    3 [desktop-1280] › test/e2e/create-shape.spec.ts:95:5 › empty purpose and malformed daily target cannot reach wallet review (1.8s)
  ✓    5 [desktop-1280] › test/e2e/create-shape.spec.ts:66:5 › compute launch leads with purpose and keeps network policy fixed (2.0s)
  ✓    6 [desktop-1280] › test/e2e/create-shape.spec.ts:149:5 › create remains keyboard usable with visible focus and accessible controls (2.0s)
  ✓    7 [desktop-1280] › test/e2e/dialog-overlay-shape.spec.ts:34:5 › an open dialog inerts the page, stacks, and restores it on close (973ms)
  ✓    1 [desktop-1280] › test/e2e/create-shape.spec.ts:116:5 › review binds the written purpose and resets acknowledgement when editing (3.0s)
  ✓   10 [desktop-1280] › test/e2e/guides.spec.ts:191:11 › guides › without JavaScript › /learn delivers its content, native contents, and deep links (1.0s)
  ✓   11 [desktop-1280] › test/e2e/guides.spec.ts:191:11 › guides › without JavaScript › /build delivers its content, native contents, and deep links (1.7s)
  ✓    8 [desktop-1280] › test/e2e/guides.spec.ts:173:9 › guides › /learn supports keyboard navigation, readable layout, and WCAG accessibility (2.6s)
  ✓   14 [desktop-1280] › test/e2e/ipfs.spec.ts:6:5 › pins metadata through Center with Chromium's native fetch (603ms)
  ✓    9 [desktop-1280] › test/e2e/guides.spec.ts:173:9 › guides › /build supports keyboard navigation, readable layout, and WCAG accessibility (3.9s)
  ✓   16 [desktop-1280] › test/e2e/project-shape.spec.ts:57:5 › fixture project renders its contract-hydrated production shape (1.8s)
  ✓   13 [desktop-1280] › test/e2e/guides.spec.ts:216:9 › guides › build prompt handles blocked clipboard with a manual fallback (4.0s)
  ✓   12 [desktop-1280] › test/e2e/guides.spec.ts:216:9 › guides › build prompt handles successful clipboard copying (4.2s)
  ✓   17 [desktop-1280] › test/e2e/project-shape.spec.ts:157:5 › fixture project remains keyboard-usable and accessible (1.9s)
  ✓   18 [desktop-1280] › test/e2e/project-shape.spec.ts:174:5 › project terms stay contract-backed, contained, and accessible (1.8s)
  ✓   22 [desktop-1280] › test/e2e/telligence.spec.ts:72:5 › purpose-first home renders actual projects, unknown capacity, and a responsive directory (1.4s)
  ✓   15 [desktop-1280] › test/e2e/project-shape.spec.ts:47:5 › non-Base project routes are unavailable (6.0s)
  ✓   23 [desktop-1280] › test/e2e/telligence.spec.ts:97:5 › outage is actionable and never rendered as an empty fundraiser (678ms)
  ✓   21 [desktop-1280] › test/e2e/project-shape.spec.ts:505:5 › home and discover shells stay contained and deterministic (3.2s)
  ✓   25 [desktop-1280] › test/e2e/telligence.spec.ts:145:5 › key management requires creator authentication and contains its disconnected state (1.5s)
  ✓   24 [desktop-1280] › test/e2e/telligence.spec.ts:119:5 › project distinguishes daily credit, remaining credit and ambition before funding (1.6s)
  ✓   26 [desktop-1280] › test/e2e/telligence.spec.ts:162:5 › mechanics explain supporter rights and provider limitations accessibly (1.2s)
(node:71624) Warning: The 'NO_COLOR' env is ignored due to the 'FORCE_COLOR' env being set.
(Use `node --trace-warnings ...` to show where the warning was created)
(node:71625) Warning: The 'NO_COLOR' env is ignored due to the 'FORCE_COLOR' env being set.
(Use `node --trace-warnings ...` to show where the warning was created)
  ✓   27 [wide-1100] › test/e2e/create-shape.spec.ts:43:5 › standalone health endpoint exposes immutable build identity (51ms)
  ✓   20 [desktop-1280] › test/e2e/project-shape.spec.ts:373:5 › verified handle routes decode exactly once (5.5s)
(node:71626) Warning: The 'NO_COLOR' env is ignored due to the 'FORCE_COLOR' env being set.
(Use `node --trace-warnings ...` to show where the warning was created)
(node:71641) Warning: The 'NO_COLOR' env is ignored due to the 'FORCE_COLOR' env being set.
(Use `node --trace-warnings ...` to show where the warning was created)
  ✓   28 [wide-1100] › test/e2e/create-shape.spec.ts:50:5 › navigation preserves the viewed identity and purpose journey at every width (1.2s)
  ✓   29 [wide-1100] › test/e2e/create-shape.spec.ts:95:5 › empty purpose and malformed daily target cannot reach wallet review (1.3s)
  ✓   30 [wide-1100] › test/e2e/create-shape.spec.ts:66:5 › compute launch leads with purpose and keeps network policy fixed (1.3s)
  ✓   32 [wide-1100] › test/e2e/create-shape.spec.ts:149:5 › create remains keyboard usable with visible focus and accessible controls (1.6s)
  ✓   33 [wide-1100] › test/e2e/dialog-overlay-shape.spec.ts:34:5 › an open dialog inerts the page, stacks, and restores it on close (1.4s)
  ✓   31 [wide-1100] › test/e2e/create-shape.spec.ts:116:5 › review binds the written purpose and resets acknowledgement when editing (2.5s)
  ✓   36 [wide-1100] › test/e2e/guides.spec.ts:191:11 › guides › without JavaScript › /learn delivers its content, native contents, and deep links (1.2s)
  ✓   34 [wide-1100] › test/e2e/guides.spec.ts:173:9 › guides › /learn supports keyboard navigation, readable layout, and WCAG accessibility (3.1s)
  ✓   37 [wide-1100] › test/e2e/guides.spec.ts:191:11 › guides › without JavaScript › /build delivers its content, native contents, and deep links (1.9s)
  ✓   40 [wide-1100] › test/e2e/ipfs.spec.ts:6:5 › pins metadata through Center with Chromium's native fetch (862ms)
  ✓   41 [wide-1100] › test/e2e/project-shape.spec.ts:47:5 › non-Base project routes are unavailable (920ms)
  ✓   35 [wide-1100] › test/e2e/guides.spec.ts:173:9 › guides › /build supports keyboard navigation, readable layout, and WCAG accessibility (4.6s)
  ✓   38 [wide-1100] › test/e2e/guides.spec.ts:216:9 › guides › build prompt handles successful clipboard copying (5.3s)
  ✓   39 [wide-1100] › test/e2e/guides.spec.ts:216:9 › guides › build prompt handles blocked clipboard with a manual fallback (5.1s)
  ✓   42 [wide-1100] › test/e2e/project-shape.spec.ts:57:5 › fixture project renders its contract-hydrated production shape (2.6s)
  ✓   19 [desktop-1280] › test/e2e/project-shape.spec.ts:222:5 › secondary project surfaces stay hydrated, contained, and accessible (16.3s)
  ✓   43 [wide-1100] › test/e2e/project-shape.spec.ts:157:5 › fixture project remains keyboard-usable and accessible (3.4s)
(node:71967) Warning: The 'NO_COLOR' env is ignored due to the 'FORCE_COLOR' env being set.
(Use `node --trace-warnings ...` to show where the warning was created)
  ✓   44 [wide-1100] › test/e2e/project-shape.spec.ts:174:5 › project terms stay contract-backed, contained, and accessible (2.9s)
  ✓   47 [wide-1100] › test/e2e/telligence.spec.ts:72:5 › purpose-first home renders actual projects, unknown capacity, and a responsive directory (2.5s)
  ✓   49 [wide-1100] › test/e2e/telligence.spec.ts:97:5 › outage is actionable and never rendered as an empty fundraiser (1.1s)
  ✓   51 [wide-1100] › test/e2e/telligence.spec.ts:145:5 › key management requires creator authentication and contains its disconnected state (1.7s)
  ✓   50 [wide-1100] › test/e2e/telligence.spec.ts:119:5 › project distinguishes daily credit, remaining credit and ambition before funding (2.2s)
  ✓   48 [wide-1100] › test/e2e/project-shape.spec.ts:505:5 › home and discover shells stay contained and deterministic (3.3s)
  ✓   46 [wide-1100] › test/e2e/project-shape.spec.ts:373:5 › verified handle routes decode exactly once (6.4s)
  ✓   52 [wide-1100] › test/e2e/telligence.spec.ts:162:5 › mechanics explain supporter rights and provider limitations accessibly (1.4s)
[WebServer] ⨯ Error: The destination stream closed early.
[WebServer]     at ignore-listed frames {
[WebServer]   digest: '3607877875'
[WebServer] }
[WebServer] ⨯ Error: The destination stream closed early.
[WebServer]     at ignore-listed frames {
[WebServer]   digest: '3607877875'
[WebServer] }
(node:72014) Warning: The 'NO_COLOR' env is ignored due to the 'FORCE_COLOR' env being set.
(Use `node --trace-warnings ...` to show where the warning was created)
(node:72013) Warning: The 'NO_COLOR' env is ignored due to the 'FORCE_COLOR' env being set.
(Use `node --trace-warnings ...` to show where the warning was created)
(node:72015) Warning: The 'NO_COLOR' env is ignored due to the 'FORCE_COLOR' env being set.
(Use `node --trace-warnings ...` to show where the warning was created)
(node:72016) Warning: The 'NO_COLOR' env is ignored due to the 'FORCE_COLOR' env being set.
(Use `node --trace-warnings ...` to show where the warning was created)
  ✓   55 [tablet-768] › test/e2e/create-shape.spec.ts:43:5 › standalone health endpoint exposes immutable build identity (90ms)
  ✓   53 [tablet-768] › test/e2e/create-shape.spec.ts:50:5 › navigation preserves the viewed identity and purpose journey at every width (1.2s)
  ✓   54 [tablet-768] › test/e2e/create-shape.spec.ts:66:5 › compute launch leads with purpose and keeps network policy fixed (1.4s)
  ✓   56 [tablet-768] › test/e2e/create-shape.spec.ts:95:5 › empty purpose and malformed daily target cannot reach wallet review (1.4s)
  ✓   59 [tablet-768] › test/e2e/dialog-overlay-shape.spec.ts:34:5 › an open dialog inerts the page, stacks, and restores it on close (2.1s)
  ✓   57 [tablet-768] › test/e2e/create-shape.spec.ts:116:5 › review binds the written purpose and resets acknowledgement when editing (3.2s)
  ✓   45 [wide-1100] › test/e2e/project-shape.spec.ts:222:5 › secondary project surfaces stay hydrated, contained, and accessible (12.7s)
  ✓   58 [tablet-768] › test/e2e/create-shape.spec.ts:149:5 › create remains keyboard usable with visible focus and accessible controls (3.1s)
  ✓   62 [tablet-768] › test/e2e/guides.spec.ts:191:11 › guides › without JavaScript › /learn delivers its content, native contents, and deep links (1.3s)
  ✓   60 [tablet-768] › test/e2e/guides.spec.ts:173:9 › guides › /learn supports keyboard navigation, readable layout, and WCAG accessibility (4.3s)
(node:72065) Warning: The 'NO_COLOR' env is ignored due to the 'FORCE_COLOR' env being set.
(Use `node --trace-warnings ...` to show where the warning was created)
  ✓   65 [tablet-768] › test/e2e/ipfs.spec.ts:6:5 › pins metadata through Center with Chromium's native fetch (1.3s)
  ✓   66 [tablet-768] › test/e2e/guides.spec.ts:191:11 › guides › without JavaScript › /build delivers its content, native contents, and deep links (2.7s)
  ✓   61 [tablet-768] › test/e2e/guides.spec.ts:173:9 › guides › /build supports keyboard navigation, readable layout, and WCAG accessibility (6.4s)
  ✓   64 [tablet-768] › test/e2e/guides.spec.ts:216:9 › guides › build prompt handles blocked clipboard with a manual fallback (5.4s)
  ✓   63 [tablet-768] › test/e2e/guides.spec.ts:216:9 › guides › build prompt handles successful clipboard copying (6.0s)
  ✓   68 [tablet-768] › test/e2e/project-shape.spec.ts:57:5 › fixture project renders its contract-hydrated production shape (1.9s)
  ✓   69 [tablet-768] › test/e2e/project-shape.spec.ts:157:5 › fixture project remains keyboard-usable and accessible (2.6s)
  ✓   70 [tablet-768] › test/e2e/project-shape.spec.ts:174:5 › project terms stay contract-backed, contained, and accessible (3.2s)
  ✓   67 [tablet-768] › test/e2e/project-shape.spec.ts:47:5 › non-Base project routes are unavailable (6.4s)
  ✓   73 [tablet-768] › test/e2e/project-shape.spec.ts:505:5 › home and discover shells stay contained and deterministic (2.4s)
  ✓   75 [tablet-768] › test/e2e/telligence.spec.ts:97:5 › outage is actionable and never rendered as an empty fundraiser (1.4s)
  ✓   74 [tablet-768] › test/e2e/telligence.spec.ts:72:5 › purpose-first home renders actual projects, unknown capacity, and a responsive directory (2.0s)
  ✓   77 [tablet-768] › test/e2e/telligence.spec.ts:145:5 › key management requires creator authentication and contains its disconnected state (2.3s)
  ✓   76 [tablet-768] › test/e2e/telligence.spec.ts:119:5 › project distinguishes daily credit, remaining credit and ambition before funding (2.5s)
  ✓   78 [tablet-768] › test/e2e/telligence.spec.ts:162:5 › mechanics explain supporter rights and provider limitations accessibly (2.1s)
  ✓   72 [tablet-768] › test/e2e/project-shape.spec.ts:373:5 › verified handle routes decode exactly once (6.3s)
(node:72220) Warning: The 'NO_COLOR' env is ignored due to the 'FORCE_COLOR' env being set.
(Use `node --trace-warnings ...` to show where the warning was created)
(node:72221) Warning: The 'NO_COLOR' env is ignored due to the 'FORCE_COLOR' env being set.
(Use `node --trace-warnings ...` to show where the warning was created)
(node:72223) Warning: The 'NO_COLOR' env is ignored due to the 'FORCE_COLOR' env being set.
(Use `node --trace-warnings ...` to show where the warning was created)
(node:72222) Warning: The 'NO_COLOR' env is ignored due to the 'FORCE_COLOR' env being set.
(Use `node --trace-warnings ...` to show where the warning was created)
  ✓   80 [mobile-390] › test/e2e/create-shape.spec.ts:43:5 › standalone health endpoint exposes immutable build identity (48ms)
  ✓   82 [mobile-390] › test/e2e/create-shape.spec.ts:50:5 › navigation preserves the viewed identity and purpose journey at every width (867ms)
  ✓   79 [mobile-390] › test/e2e/create-shape.spec.ts:95:5 › empty purpose and malformed daily target cannot reach wallet review (1.1s)
  ✓   81 [mobile-390] › test/e2e/create-shape.spec.ts:66:5 › compute launch leads with purpose and keeps network policy fixed (1.2s)
  ✓   83 [mobile-390] › test/e2e/create-shape.spec.ts:116:5 › review binds the written purpose and resets acknowledgement when editing (2.0s)
  ✓   85 [mobile-390] › test/e2e/dialog-overlay-shape.spec.ts:34:5 › an open dialog inerts the page, stacks, and restores it on close (1.4s)
  ✓   84 [mobile-390] › test/e2e/create-shape.spec.ts:149:5 › create remains keyboard usable with visible focus and accessible controls (2.0s)
  ✓   88 [mobile-390] › test/e2e/guides.spec.ts:191:11 › guides › without JavaScript › /learn delivers its content, native contents, and deep links (1.5s)
  ✓   86 [mobile-390] › test/e2e/guides.spec.ts:173:9 › guides › /learn supports keyboard navigation, readable layout, and WCAG accessibility (3.0s)
  ✓   71 [tablet-768] › test/e2e/project-shape.spec.ts:222:5 › secondary project surfaces stay hydrated, contained, and accessible (14.2s)
(node:72305) Warning: The 'NO_COLOR' env is ignored due to the 'FORCE_COLOR' env being set.
(Use `node --trace-warnings ...` to show where the warning was created)
  ✓   89 [mobile-390] › test/e2e/guides.spec.ts:191:11 › guides › without JavaScript › /build delivers its content, native contents, and deep links (2.5s)
  ✓   93 [mobile-390] › test/e2e/project-shape.spec.ts:47:5 › non-Base project routes are unavailable (812ms)
  ✓   92 [mobile-390] › test/e2e/ipfs.spec.ts:6:5 › pins metadata through Center with Chromium's native fetch (860ms)
  ✓   87 [mobile-390] › test/e2e/guides.spec.ts:173:9 › guides › /build supports keyboard navigation, readable layout, and WCAG accessibility (4.4s)
  ✓   94 [mobile-390] › test/e2e/project-shape.spec.ts:57:5 › fixture project renders its contract-hydrated production shape (1.8s)
  ✓   91 [mobile-390] › test/e2e/guides.spec.ts:216:9 › guides › build prompt handles blocked clipboard with a manual fallback (3.9s)
  ✓   90 [mobile-390] › test/e2e/guides.spec.ts:216:9 › guides › build prompt handles successful clipboard copying (4.3s)
  ✓   96 [mobile-390] › test/e2e/project-shape.spec.ts:157:5 › fixture project remains keyboard-usable and accessible (2.2s)
  ✓   95 [mobile-390] › test/e2e/project-shape.spec.ts:174:5 › project terms stay contract-backed, contained, and accessible (2.6s)
  ✓  101 [mobile-390] › test/e2e/telligence.spec.ts:97:5 › outage is actionable and never rendered as an empty fundraiser (817ms)
  ✓  100 [mobile-390] › test/e2e/telligence.spec.ts:72:5 › purpose-first home renders actual projects, unknown capacity, and a responsive directory (1.8s)
  ✓   99 [mobile-390] › test/e2e/project-shape.spec.ts:505:5 › home and discover shells stay contained and deterministic (3.5s)
  ✓  102 [mobile-390] › test/e2e/telligence.spec.ts:119:5 › project distinguishes daily credit, remaining credit and ambition before funding (1.9s)
[WebServer] ⨯ Error: The destination stream closed early.
[WebServer]     at ignore-listed frames {
[WebServer]   digest: '3607877875'
[WebServer] }
  ✓  103 [mobile-390] › test/e2e/telligence.spec.ts:145:5 › key management requires creator authentication and contains its disconnected state (1.5s)
  ✓  104 [mobile-390] › test/e2e/telligence.spec.ts:162:5 › mechanics explain supporter rights and provider limitations accessibly (1.6s)
(node:72382) Warning: The 'NO_COLOR' env is ignored due to the 'FORCE_COLOR' env being set.
(Use `node --trace-warnings ...` to show where the warning was created)
(node:72383) Warning: The 'NO_COLOR' env is ignored due to the 'FORCE_COLOR' env being set.
(Use `node --trace-warnings ...` to show where the warning was created)
  ✓  105 [narrow-320] › test/e2e/create-shape.spec.ts:43:5 › standalone health endpoint exposes immutable build identity (86ms)
  ✓   98 [mobile-390] › test/e2e/project-shape.spec.ts:373:5 › verified handle routes decode exactly once (6.2s)
  ✓  106 [narrow-320] › test/e2e/create-shape.spec.ts:50:5 › navigation preserves the viewed identity and purpose journey at every width (560ms)
(node:72397) Warning: The 'NO_COLOR' env is ignored due to the 'FORCE_COLOR' env being set.
(Use `node --trace-warnings ...` to show where the warning was created)
  ✓  107 [narrow-320] › test/e2e/create-shape.spec.ts:95:5 › empty purpose and malformed daily target cannot reach wallet review (851ms)
(node:72406) Warning: The 'NO_COLOR' env is ignored due to the 'FORCE_COLOR' env being set.
(Use `node --trace-warnings ...` to show where the warning was created)
  ✓  109 [narrow-320] › test/e2e/dialog-overlay-shape.spec.ts:34:5 › an open dialog inerts the page, stacks, and restores it on close (807ms)
  ✓  108 [narrow-320] › test/e2e/create-shape.spec.ts:149:5 › create remains keyboard usable with visible focus and accessible controls (1.2s)
  ✓  110 [narrow-320] › test/e2e/create-shape.spec.ts:66:5 › compute launch leads with purpose and keeps network policy fixed (725ms)
  ✓  114 [narrow-320] › test/e2e/guides.spec.ts:191:11 › guides › without JavaScript › /learn delivers its content, native contents, and deep links (906ms)
  ✓  112 [narrow-320] › test/e2e/create-shape.spec.ts:116:5 › review binds the written purpose and resets acknowledgement when editing (1.7s)
  ✓  111 [narrow-320] › test/e2e/guides.spec.ts:173:9 › guides › /learn supports keyboard navigation, readable layout, and WCAG accessibility (2.3s)
  ✓  115 [narrow-320] › test/e2e/guides.spec.ts:191:11 › guides › without JavaScript › /build delivers its content, native contents, and deep links (1.4s)
  ✓  118 [narrow-320] › test/e2e/ipfs.spec.ts:6:5 › pins metadata through Center with Chromium's native fetch (856ms)
  ✓   97 [mobile-390] › test/e2e/project-shape.spec.ts:222:5 › secondary project surfaces stay hydrated, contained, and accessible (11.5s)
  ✓  113 [narrow-320] › test/e2e/guides.spec.ts:173:9 › guides › /build supports keyboard navigation, readable layout, and WCAG accessibility (3.8s)
(node:72465) Warning: The 'NO_COLOR' env is ignored due to the 'FORCE_COLOR' env being set.
(Use `node --trace-warnings ...` to show where the warning was created)
  ✓  120 [narrow-320] › test/e2e/project-shape.spec.ts:157:5 › fixture project remains keyboard-usable and accessible (1.3s)
  ✓  116 [narrow-320] › test/e2e/guides.spec.ts:216:9 › guides › build prompt handles successful clipboard copying (3.7s)
  ✓  121 [narrow-320] › test/e2e/project-shape.spec.ts:57:5 › fixture project renders its contract-hydrated production shape (1.8s)
  ✓  117 [narrow-320] › test/e2e/guides.spec.ts:216:9 › guides › build prompt handles blocked clipboard with a manual fallback (4.6s)
  ✓  122 [narrow-320] › test/e2e/project-shape.spec.ts:174:5 › project terms stay contract-backed, contained, and accessible (2.5s)
  ✓  125 [narrow-320] › test/e2e/project-shape.spec.ts:505:5 › home and discover shells stay contained and deterministic (1.7s)
  ✓  119 [narrow-320] › test/e2e/project-shape.spec.ts:47:5 › non-Base project routes are unavailable (5.5s)
  ✓  126 [narrow-320] › test/e2e/telligence.spec.ts:72:5 › purpose-first home renders actual projects, unknown capacity, and a responsive directory (1.3s)
  ✓  127 [narrow-320] › test/e2e/telligence.spec.ts:97:5 › outage is actionable and never rendered as an empty fundraiser (673ms)
  ✓  129 [narrow-320] › test/e2e/telligence.spec.ts:145:5 › key management requires creator authentication and contains its disconnected state (1.4s)
  ✓  130 [narrow-320] › test/e2e/telligence.spec.ts:162:5 › mechanics explain supporter rights and provider limitations accessibly (1.1s)
  ✓  128 [narrow-320] › test/e2e/telligence.spec.ts:119:5 › project distinguishes daily credit, remaining credit and ambition before funding (1.8s)
[WebServer] ⨯ Error: The destination stream closed early.
[WebServer]     at ignore-listed frames {
[WebServer]   digest: '3607877875'
[WebServer] }
  ✓  124 [narrow-320] › test/e2e/project-shape.spec.ts:373:5 › verified handle routes decode exactly once (5.0s)
  ✓  123 [narrow-320] › test/e2e/project-shape.spec.ts:222:5 › secondary project surfaces stay hydrated, contained, and accessible (8.2s)

  130 passed (1.4m)
