
 RUN  v4.1.10 /private/tmp/telligence-build/web

 ❯ test/telligence-funding.test.tsx (9 tests | 3 failed) 2176ms
     × retains a Safe outer success with no matching Pay event for recovery 1009ms
     × never ignores an empty saved contribution record 1005ms
     × confirms a saved payment from immutable onchain policy while the gateway is unavailable 15ms

⎯⎯⎯⎯⎯⎯⎯ Failed Tests 3 ⎯⎯⎯⎯⎯⎯⎯

 FAIL  test/telligence-funding.test.tsx > reviewed compute contributions > retains a Safe outer success with no matching Pay event for recovery
TestingLibraryElementError: Unable to find role="alert"

Ignored nodes: comments, script, style
[36m<body>[39m
  [36m<div>[39m
    [36m<section[39m
      [33maria-labelledby[39m=[32m"support-compute-heading"[39m
      [33mclass[39m=[32m"border border-melon-300 p-5 sm:p-7"[39m
    [36m>[39m
      [36m<p[39m
        [33mclass[39m=[32m"compute-eyebrow"[39m
      [36m>[39m
        [0mHelp the work continue[0m
      [36m</p>[39m
      [36m<h2[39m
        [33mclass[39m=[32m"mt-4 text-xl tracking-[-0.03em]"[39m
        [33mid[39m=[32m"support-compute-heading"[39m
      [36m>[39m
        [0mFund this project’s compute[0m
      [36m</h2>[39m
      [36m<p[39m
        [33mclass[39m=[32m"mt-4 text-xs leading-6 text-melon-700"[39m
      [36m>[39m
        [0mYour contribution helps build recurring inference capacity. Funding converts under the project’s Revnet terms; it does not buy a guaranteed amount of credit.[0m
      [36m</p>[39m
      [36m<label[39m
        [33mclass[39m=[32m"mt-6 block text-xs"[39m
        [33mfor[39m=[32m"fund-aaaaaaaa-aaaa-4aaa-8aaa-aaaaaaaaaaaa"[39m
      [36m>[39m
        [0mContribution · VVV on Base[0m
      [36m</label>[39m
      [36m<input[39m
        [33mautocomplete[39m=[32m"off"[39m
        [33mclass[39m=[32m"flex w-full border-2 border-melon-300 bg-melon-25 px-3 py-2 text-sm file:border-0 file:bg-transparent file:text-sm file:font-medium placeholder:text-zinc-500 hover:border-melon-400 focus-visible:border-melon-600 focus-visible:outline-none focus-visible:ring-0 disabled:cursor-not-allowed disabled:opacity-50 mt-3 h-12"[39m
        [33mid[39m=[32m"fund-aaaaaaaa-aaaa-4aaa-8aaa-aaaaaaaaaaaa"[39m
        [33minputmode[39m=[32m"decimal"[39m
        [33mplaceholder[39m=[32m"0.00"[39m
        [33mvalue[39m=[32m""[39m
      [36m/>[39m
      [36m<button[39m
        [33mdisabled[39m=[32m""[39m
      [36m>[39m
        [0mFund compute[0m
      [36m</button>[39m
      [36m<p[39m
        [33mclass[39m=[32m"mt-4 text-[11px] leading-5 text-melon-700"[39m
      [36m>[39m
        [0mNormal Revnet issuance and buybacks apply. You receive participation tokens in your wallet. Cash-out value varies; compute backing has withdrawal delays. The payment quote allows up to 1% slippage.[0m
      [36m</p>[39m
      [36m<p[39m
        [33mclass[39m=[32m"mt-4 text-xs leading-6"[39m
        [33mrole[39m=[32m"status"[39m
      [36m>[39m
        [0mContribution confirmed. Compute capacity updates after backing is activated.[0m
      [36m</p>[39m
    [36m</section>[39m
  [36m</div>[39m
[36m</body>[39m

Ignored nodes: comments, script, style
[36m<body>[39m
  [36m<div>[39m
    [36m<section[39m
      [33maria-labelledby[39m=[32m"support-compute-heading"[39m
      [33mclass[39m=[32m"border border-melon-300 p-5 sm:p-7"[39m
    [36m>[39m
      [36m<p[39m
        [33mclass[39m=[32m"compute-eyebrow"[39m
      [36m>[39m
        [0mHelp the work continue[0m
      [36m</p>[39m
      [36m<h2[39m
        [33mclass[39m=[32m"mt-4 text-xl tracking-[-0.03em]"[39m
        [33mid[39m=[32m"support-compute-heading"[39m
      [36m>[39m
        [0mFund this project’s compute[0m
      [36m</h2>[39m
      [36m<p[39m
        [33mclass[39m=[32m"mt-4 text-xs leading-6 text-melon-700"[39m
      [36m>[39m
        [0mYour contribution helps build recurring inference capacity. Funding converts under the project’s Revnet terms; it does not buy a guaranteed amount of credit.[0m
      [36m</p>[39m
      [36m<label[39m
        [33mclass[39m=[32m"mt-6 block text-xs"[39m
        [33mfor[39m=[32m"fund-aaaaaaaa-aaaa-4aaa-8aaa-aaaaaaaaaaaa"[39m
      [36m>[39m
        [0mContribution · VVV on Base[0m
      [36m</label>[39m
      [36m<input[39m
        [33mautocomplete[39m=[32m"off"[39m
        [33mclass[39m=[32m"flex w-full border-2 border-melon-300 bg-melon-25 px-3 py-2 text-sm file:border-0 file:bg-transparent file:text-sm file:font-medium placeholder:text-zinc-500 hover:border-melon-400 focus-visible:border-melon-600 focus-visible:outline-none focus-visible:ring-0 disabled:cursor-not-allowed disabled:opacity-50 mt-3 h-12"[39m
        [33mid[39m=[32m"fund-aaaaaaaa-aaaa-4aaa-8aaa-aaaaaaaaaaaa"[39m
        [33minputmode[39m=[32m"decimal"[39m
        [33mplaceholder[39m=[32m"0.00"[39m
        [33mvalue[39m=[32m""[39m
      [36m/>[39m
      [36m<button[39m
        [33mdisabled[39m=[32m""[39m
      [36m>[39m
        [0mFund compute[0m
      [36m</button>[39m
      [36m<p[39m
        [33mclass[39m=[32m"mt-4 text-[11px] leading-5 text-melon-700"[39m
      [36m>[39m
        [0mNormal Revnet issuance and buybacks apply. You receive participation tokens in your wallet. Cash-out value varies; compute backing has withdrawal delays. The payment quote allows up to 1% slippage.[0m
      [36m</p>[39m
      [36m<p[39m
        [33mclass[39m=[32m"mt-4 text-xs leading-6"[39m
        [33mrole[39m=[32m"status"[39m
      [36m>[39m
        [0mContribution confirmed. Compute capacity updates after backing is activated.[0m
      [36m</p>[39m
    [36m</section>[39m
  [36m</div>[39m
[36m</body>[39m
 ❯ waitForWrapper node_modules/@testing-library/dom/dist/wait-for.js:163:27
 ❯ node_modules/@testing-library/dom/dist/query-helpers.js:86:33
 ❯ test/telligence-funding.test.tsx:194:18
    192|     m.receipt.mockResolvedValueOnce({status:"success", logs:[]}).mockR…
    193|     render(<FundComputeProject project={project} />); contribute();
    194|     await screen.findByRole("alert");
       |                  ^
    195|     expect(screen.queryByText(/Contribution confirmed/)).not.toBeInThe…
    196|     expect(screen.getByRole("button", { name: "Resume contribution" })…

⎯⎯⎯⎯⎯⎯⎯⎯⎯⎯⎯⎯⎯⎯⎯⎯⎯⎯⎯⎯⎯⎯⎯⎯[1/3]⎯

 FAIL  test/telligence-funding.test.tsx > reviewed compute contributions > never ignores an empty saved contribution record
TestingLibraryElementError: Unable to find role="alert"

Ignored nodes: comments, script, style
[36m<body>[39m
  [36m<div>[39m
    [36m<section[39m
      [33maria-labelledby[39m=[32m"support-compute-heading"[39m
      [33mclass[39m=[32m"border border-melon-300 p-5 sm:p-7"[39m
    [36m>[39m
      [36m<p[39m
        [33mclass[39m=[32m"compute-eyebrow"[39m
      [36m>[39m
        [0mHelp the work continue[0m
      [36m</p>[39m
      [36m<h2[39m
        [33mclass[39m=[32m"mt-4 text-xl tracking-[-0.03em]"[39m
        [33mid[39m=[32m"support-compute-heading"[39m
      [36m>[39m
        [0mFund this project’s compute[0m
      [36m</h2>[39m
      [36m<p[39m
        [33mclass[39m=[32m"mt-4 text-xs leading-6 text-melon-700"[39m
      [36m>[39m
        [0mYour contribution helps build recurring inference capacity. Funding converts under the project’s Revnet terms; it does not buy a guaranteed amount of credit.[0m
      [36m</p>[39m
      [36m<label[39m
        [33mclass[39m=[32m"mt-6 block text-xs"[39m
        [33mfor[39m=[32m"fund-aaaaaaaa-aaaa-4aaa-8aaa-aaaaaaaaaaaa"[39m
      [36m>[39m
        [0mContribution · VVV on Base[0m
      [36m</label>[39m
      [36m<input[39m
        [33mautocomplete[39m=[32m"off"[39m
        [33mclass[39m=[32m"flex w-full border-2 border-melon-300 bg-melon-25 px-3 py-2 text-sm file:border-0 file:bg-transparent file:text-sm file:font-medium placeholder:text-zinc-500 hover:border-melon-400 focus-visible:border-melon-600 focus-visible:outline-none focus-visible:ring-0 disabled:cursor-not-allowed disabled:opacity-50 mt-3 h-12"[39m
        [33mid[39m=[32m"fund-aaaaaaaa-aaaa-4aaa-8aaa-aaaaaaaaaaaa"[39m
        [33minputmode[39m=[32m"decimal"[39m
        [33mplaceholder[39m=[32m"0.00"[39m
        [33mvalue[39m=[32m""[39m
      [36m/>[39m
      [36m<button[39m
        [33mdisabled[39m=[32m""[39m
      [36m>[39m
        [0mFund compute[0m
      [36m</button>[39m
      [36m<p[39m
        [33mclass[39m=[32m"mt-4 text-[11px] leading-5 text-melon-700"[39m
      [36m>[39m
        [0mNormal Revnet issuance and buybacks apply. You receive participation tokens in your wallet. Cash-out value varies; compute backing has withdrawal delays. The payment quote allows up to 1% slippage.[0m
      [36m</p>[39m
      [36m<p[39m
        [33mclass[39m=[32m"mt-4 text-xs leading-6"[39m
        [33mrole[39m=[32m"status"[39m
      [36m>[39m
        [0mContribution confirmed. Compute capacity updates after backing is activated.[0m
      [36m</p>[39m
    [36m</section>[39m
  [36m</div>[39m
[36m</body>[39m

Ignored nodes: comments, script, style
[36m<body>[39m
  [36m<div>[39m
    [36m<section[39m
      [33maria-labelledby[39m=[32m"support-compute-heading"[39m
      [33mclass[39m=[32m"border border-melon-300 p-5 sm:p-7"[39m
    [36m>[39m
      [36m<p[39m
        [33mclass[39m=[32m"compute-eyebrow"[39m
      [36m>[39m
        [0mHelp the work continue[0m
      [36m</p>[39m
      [36m<h2[39m
        [33mclass[39m=[32m"mt-4 text-xl tracking-[-0.03em]"[39m
        [33mid[39m=[32m"support-compute-heading"[39m
      [36m>[39m
        [0mFund this project’s compute[0m
      [36m</h2>[39m
      [36m<p[39m
        [33mclass[39m=[32m"mt-4 text-xs leading-6 text-melon-700"[39m
      [36m>[39m
        [0mYour contribution helps build recurring inference capacity. Funding converts under the project’s Revnet terms; it does not buy a guaranteed amount of credit.[0m
      [36m</p>[39m
      [36m<label[39m
        [33mclass[39m=[32m"mt-6 block text-xs"[39m
        [33mfor[39m=[32m"fund-aaaaaaaa-aaaa-4aaa-8aaa-aaaaaaaaaaaa"[39m
      [36m>[39m
        [0mContribution · VVV on Base[0m
      [36m</label>[39m
      [36m<input[39m
        [33mautocomplete[39m=[32m"off"[39m
        [33mclass[39m=[32m"flex w-full border-2 border-melon-300 bg-melon-25 px-3 py-2 text-sm file:border-0 file:bg-transparent file:text-sm file:font-medium placeholder:text-zinc-500 hover:border-melon-400 focus-visible:border-melon-600 focus-visible:outline-none focus-visible:ring-0 disabled:cursor-not-allowed disabled:opacity-50 mt-3 h-12"[39m
        [33mid[39m=[32m"fund-aaaaaaaa-aaaa-4aaa-8aaa-aaaaaaaaaaaa"[39m
        [33minputmode[39m=[32m"decimal"[39m
        [33mplaceholder[39m=[32m"0.00"[39m
        [33mvalue[39m=[32m""[39m
      [36m/>[39m
      [36m<button[39m
        [33mdisabled[39m=[32m""[39m
      [36m>[39m
        [0mFund compute[0m
      [36m</button>[39m
      [36m<p[39m
        [33mclass[39m=[32m"mt-4 text-[11px] leading-5 text-melon-700"[39m
      [36m>[39m
        [0mNormal Revnet issuance and buybacks apply. You receive participation tokens in your wallet. Cash-out value varies; compute backing has withdrawal delays. The payment quote allows up to 1% slippage.[0m
      [36m</p>[39m
      [36m<p[39m
        [33mclass[39m=[32m"mt-4 text-xs leading-6"[39m
        [33mrole[39m=[32m"status"[39m
      [36m>[39m
        [0mContribution confirmed. Compute capacity updates after backing is activated.[0m
      [36m</p>[39m
    [36m</section>[39m
  [36m</div>[39m
[36m</body>[39m
 ❯ waitForWrapper node_modules/@testing-library/dom/dist/wait-for.js:163:27
 ❯ node_modules/@testing-library/dom/dist/query-helpers.js:86:33
 ❯ test/telligence-funding.test.tsx:203:18
    201|     localStorage.setItem(`telligence:fund:8453:${project.id}:${m.addre…
    202|     render(<FundComputeProject project={project} />); contribute();
    203|     await screen.findByRole("alert");
       |                  ^
    204|     expect(m.write).not.toHaveBeenCalled();
    205|     expect(localStorage.getItem(`telligence:fund:8453:${project.id}:${…

⎯⎯⎯⎯⎯⎯⎯⎯⎯⎯⎯⎯⎯⎯⎯⎯⎯⎯⎯⎯⎯⎯⎯⎯[2/3]⎯

 FAIL  test/telligence-funding.test.tsx > reviewed compute contributions > confirms a saved payment from immutable onchain policy while the gateway is unavailable
AssertionError: expected "vi.fn()" to be called with arguments: [ ObjectContaining{…} ]

Number of calls: 0

 ❯ test/telligence-funding.test.tsx:216:20
    214|     expect(m.gateway).not.toHaveBeenCalled();
    215|     expect(m.write).not.toHaveBeenCalled();
    216|     expect(m.read).toHaveBeenCalledWith(expect.objectContaining({addre…
       |                    ^
    217|   });
    218|

⎯⎯⎯⎯⎯⎯⎯⎯⎯⎯⎯⎯⎯⎯⎯⎯⎯⎯⎯⎯⎯⎯⎯⎯[3/3]⎯


 Test Files  1 failed (1)
      Tests  3 failed | 6 passed (9)
   Start at  14:05:15
   Duration  3.08s (transform 46ms, setup 135ms, import 170ms, tests 2.18s, environment 516ms)

