npm notice run @telligence/web@0.0.1 test:browser
npm notice run playwright test test/e2e/create-shape.spec.ts --workers=4 --retries=0
[WebServer] npm notice run @telligence/web@0.0.1 browser:fixture
[WebServer] npm notice run node scripts/browser-fixture-server.mjs
[WebServer] (node:8752) Warning: The 'NO_COLOR' env is ignored due to the 'FORCE_COLOR' env being set.
[WebServer] (Use `node --trace-warnings ...` to show where the warning was created)
[WebServer] npm notice run @telligence/web@0.0.1 standalone:stage
[WebServer] npm notice run node scripts/stage-standalone.mjs
[WebServer] npm notice run @telligence/web@0.0.1 start:standalone
[WebServer] npm notice run npm run env:check:runtime && node .next/standalone/server.js
[WebServer] npm notice run @telligence/web@0.0.1 env:check:runtime
[WebServer] npm notice run node --env-file-if-exists=.env.local scripts/validate-env.mjs runtime
[WebServer] .env.local not found. Continuing without it.
[WebServer] (node:8862) Warning: The 'NO_COLOR' env is ignored due to the 'FORCE_COLOR' env being set.
[WebServer] (Use `node --trace-warnings ...` to show where the warning was created)

Running 30 tests using 4 workers

(node:8863) Warning: The 'NO_COLOR' env is ignored due to the 'FORCE_COLOR' env being set.
(Use `node --trace-warnings ...` to show where the warning was created)
(node:8866) Warning: The 'NO_COLOR' env is ignored due to the 'FORCE_COLOR' env being set.
(Use `node --trace-warnings ...` to show where the warning was created)
(node:8865) Warning: The 'NO_COLOR' env is ignored due to the 'FORCE_COLOR' env being set.
(Use `node --trace-warnings ...` to show where the warning was created)
(node:8864) Warning: The 'NO_COLOR' env is ignored due to the 'FORCE_COLOR' env being set.
(Use `node --trace-warnings ...` to show where the warning was created)
  ✓   1 [desktop-1280] › test/e2e/create-shape.spec.ts:44:5 › standalone health endpoint exposes immutable build identity (44ms)
  ✓   3 [desktop-1280] › test/e2e/create-shape.spec.ts:71:5 › compute launch leads with purpose and keeps network policy fixed (851ms)
  ✓   2 [desktop-1280] › test/e2e/create-shape.spec.ts:104:5 › empty purpose and malformed operator share cannot reach wallet review (892ms)
(node:8890) Warning: The 'NO_COLOR' env is ignored due to the 'FORCE_COLOR' env being set.
(Use `node --trace-warnings ...` to show where the warning was created)
  ✓   4 [desktop-1280] › test/e2e/create-shape.spec.ts:51:5 › navigation preserves the viewed identity and purpose journey at every width (1.2s)
  ✓   7 [wide-1100] › test/e2e/create-shape.spec.ts:44:5 › standalone health endpoint exposes immutable build identity (40ms)
  ✓   5 [desktop-1280] › test/e2e/create-shape.spec.ts:130:5 › review binds the written purpose and resets acknowledgement when editing (1.5s)
(node:8893) Warning: The 'NO_COLOR' env is ignored due to the 'FORCE_COLOR' env being set.
(Use `node --trace-warnings ...` to show where the warning was created)
  ✓   6 [desktop-1280] › test/e2e/create-shape.spec.ts:163:5 › create remains keyboard usable with visible focus and accessible controls (789ms)
(node:8902) Warning: The 'NO_COLOR' env is ignored due to the 'FORCE_COLOR' env being set.
(Use `node --trace-warnings ...` to show where the warning was created)
  ✓   8 [wide-1100] › test/e2e/create-shape.spec.ts:71:5 › compute launch leads with purpose and keeps network policy fixed (550ms)
(node:8904) Warning: The 'NO_COLOR' env is ignored due to the 'FORCE_COLOR' env being set.
(Use `node --trace-warnings ...` to show where the warning was created)
  ✓   9 [wide-1100] › test/e2e/create-shape.spec.ts:51:5 › navigation preserves the viewed identity and purpose journey at every width (479ms)
(node:8917) Warning: The 'NO_COLOR' env is ignored due to the 'FORCE_COLOR' env being set.
(Use `node --trace-warnings ...` to show where the warning was created)
  ✓  13 [tablet-768] › test/e2e/create-shape.spec.ts:44:5 › standalone health endpoint exposes immutable build identity (53ms)
  ✓  10 [wide-1100] › test/e2e/create-shape.spec.ts:104:5 › empty purpose and malformed operator share cannot reach wallet review (775ms)
  ✓  11 [wide-1100] › test/e2e/create-shape.spec.ts:163:5 › create remains keyboard usable with visible focus and accessible controls (1.1s)
(node:8926) Warning: The 'NO_COLOR' env is ignored due to the 'FORCE_COLOR' env being set.
(Use `node --trace-warnings ...` to show where the warning was created)
  ✓  14 [tablet-768] › test/e2e/create-shape.spec.ts:51:5 › navigation preserves the viewed identity and purpose journey at every width (465ms)
(node:8934) Warning: The 'NO_COLOR' env is ignored due to the 'FORCE_COLOR' env being set.
(Use `node --trace-warnings ...` to show where the warning was created)
  ✓  12 [wide-1100] › test/e2e/create-shape.spec.ts:130:5 › review binds the written purpose and resets acknowledgement when editing (1.3s)
  ✓  15 [tablet-768] › test/e2e/create-shape.spec.ts:71:5 › compute launch leads with purpose and keeps network policy fixed (608ms)
(node:8947) Warning: The 'NO_COLOR' env is ignored due to the 'FORCE_COLOR' env being set.
(Use `node --trace-warnings ...` to show where the warning was created)
  ✓  17 [tablet-768] › test/e2e/create-shape.spec.ts:104:5 › empty purpose and malformed operator share cannot reach wallet review (607ms)
(node:8948) Warning: The 'NO_COLOR' env is ignored due to the 'FORCE_COLOR' env being set.
(Use `node --trace-warnings ...` to show where the warning was created)
  ✓  19 [mobile-390] › test/e2e/create-shape.spec.ts:44:5 › standalone health endpoint exposes immutable build identity (56ms)
  ✓  16 [tablet-768] › test/e2e/create-shape.spec.ts:130:5 › review binds the written purpose and resets acknowledgement when editing (1.2s)
(node:8956) Warning: The 'NO_COLOR' env is ignored due to the 'FORCE_COLOR' env being set.
(Use `node --trace-warnings ...` to show where the warning was created)
(node:8963) Warning: The 'NO_COLOR' env is ignored due to the 'FORCE_COLOR' env being set.
(Use `node --trace-warnings ...` to show where the warning was created)
  ✓  20 [mobile-390] › test/e2e/create-shape.spec.ts:71:5 › compute launch leads with purpose and keeps network policy fixed (504ms)
  ✓  18 [tablet-768] › test/e2e/create-shape.spec.ts:163:5 › create remains keyboard usable with visible focus and accessible controls (957ms)
  ✓  21 [mobile-390] › test/e2e/create-shape.spec.ts:51:5 › navigation preserves the viewed identity and purpose journey at every width (414ms)
(node:8978) Warning: The 'NO_COLOR' env is ignored due to the 'FORCE_COLOR' env being set.
(Use `node --trace-warnings ...` to show where the warning was created)
(node:8979) Warning: The 'NO_COLOR' env is ignored due to the 'FORCE_COLOR' env being set.
(Use `node --trace-warnings ...` to show where the warning was created)
  ✓  25 [narrow-320] › test/e2e/create-shape.spec.ts:44:5 › standalone health endpoint exposes immutable build identity (61ms)
  ✓  22 [mobile-390] › test/e2e/create-shape.spec.ts:104:5 › empty purpose and malformed operator share cannot reach wallet review (568ms)
  ✓  23 [mobile-390] › test/e2e/create-shape.spec.ts:130:5 › review binds the written purpose and resets acknowledgement when editing (1.1s)
(node:8989) Warning: The 'NO_COLOR' env is ignored due to the 'FORCE_COLOR' env being set.
(Use `node --trace-warnings ...` to show where the warning was created)
  ✓  26 [narrow-320] › test/e2e/create-shape.spec.ts:51:5 › navigation preserves the viewed identity and purpose journey at every width (466ms)
(node:8994) Warning: The 'NO_COLOR' env is ignored due to the 'FORCE_COLOR' env being set.
(Use `node --trace-warnings ...` to show where the warning was created)
  ✓  24 [mobile-390] › test/e2e/create-shape.spec.ts:163:5 › create remains keyboard usable with visible focus and accessible controls (945ms)
  ✓  27 [narrow-320] › test/e2e/create-shape.spec.ts:71:5 › compute launch leads with purpose and keeps network policy fixed (454ms)
(node:9004) Warning: The 'NO_COLOR' env is ignored due to the 'FORCE_COLOR' env being set.
(Use `node --trace-warnings ...` to show where the warning was created)
  ✓  29 [narrow-320] › test/e2e/create-shape.spec.ts:104:5 › empty purpose and malformed operator share cannot reach wallet review (434ms)
  ✓  28 [narrow-320] › test/e2e/create-shape.spec.ts:130:5 › review binds the written purpose and resets acknowledgement when editing (980ms)
  ✓  30 [narrow-320] › test/e2e/create-shape.spec.ts:163:5 › create remains keyboard usable with visible focus and accessible controls (557ms)

  30 passed (10.0s)
