npm notice run @telligence/web@0.0.1 npx
npm notice run 'vitest' run test/wallet-button.test.tsx

 RUN  v4.1.10 <repo>/web

 ❯ test/wallet-button.test.tsx (9 tests | 1 failed) 118ms
     × waits for hydration before offering an actionable sign-in button 6ms

⎯⎯⎯⎯⎯⎯⎯ Failed Tests 1 ⎯⎯⎯⎯⎯⎯⎯

 FAIL  test/wallet-button.test.tsx > local wallet controls > waits for hydration before offering an actionable sign-in button
Error: expect(element).toBeDisabled()

Received element is not disabled:
  <button
  class="inline-flex items-center justify-center text-sm font-medium ring-offset-white transition-colors focus-visible:outline-none focus-visible:ring-2 focus-visible:ring-zinc-950 focus-visible:ring-offset-2 disabled:pointer-events-none disabled:opacity-50 dark:ring-offset-zinc-950 dark:focus-visible:ring-zinc-300 bg-melon-500 text-melon-950 hover:bg-melon-600 hover:text-melon-950 dark:bg-melon-500 dark:text-melon-950 dark:hover:bg-melon-600 h-11 px-4 py-2"
  type="button"
/>
 ❯ test/wallet-button.test.tsx:138:20
    136|     container.innerHTML = renderToString(controls);
    137|     const button = container.querySelector("button")!;
    138|     expect(button).toBeDisabled();
       |                    ^
    139|     button.click();
    140|     expect(requestSignIn).not.toHaveBeenCalled();

⎯⎯⎯⎯⎯⎯⎯⎯⎯⎯⎯⎯⎯⎯⎯⎯⎯⎯⎯⎯⎯⎯⎯⎯[1/1]⎯


 Test Files  1 failed (1)
      Tests  1 failed | 8 passed (9)
   Start at  19:53:19
   Duration  1.03s (transform 83ms, setup 119ms, import 338ms, tests 118ms, environment 374ms)

